// Vitest Snapshot v1, https://vitest.dev/guide/snapshot.html

exports[`should render a dropdown component 1`] = `
<div
  class="dropdown is-right"
  data-testid="dropdown"
>
  <div
    class="dropdown-trigger"
  >
    <button
      aria-haspopup="true"
      class="button"
      type="button"
    >
      <span
        class="icon"
      >
        <i
          class="ellipsis-vertical"
        />
      </span>
    </button>
  </div>
  <div
    class="dropdown-menu dropdown-menu"
    data-testid="dropdown-menu"
    role="menu"
    tabindex="0"
  >
    <div
      class="dropdown-content"
    >
      <button
        class="button dropdown-item pl-5 noBorder"
        type="button"
      >
        Click
      </button>
    </div>
  </div>
</div>
`;
