// Vitest Snapshot v1, https://vitest.dev/guide/snapshot.html

exports[`should not render a bulma modal when it is inactive 1`] = `<div />`;

exports[`should render a bulma modal when it is active 1`] = `
<div>
  <div
    class="is-active modal root open"
  >
    <div
      class="modal-background"
      role="presentation"
    />
    <div
      class="modal-card"
    >
      <div
        class="modal-card-head"
      >
        <p
          class="modal-card-title"
        />
        <button
          class="delete is-large"
          type="button"
        />
      </div>
      <div
        class="modal-card-body"
      >
        test
      </div>
      <div
        class="modal-card-foot p-0 footer"
      >
        <div
          class="footer-placeholder"
        />
      </div>
    </div>
  </div>
</div>
`;
