// Vitest Snapshot v1, https://vitest.dev/guide/snapshot.html

exports[`should render the component 1`] = `
<div>
  <button
    class="button"
    name="test name"
    type="button"
  />
</div>
`;
