// Vitest Snapshot v1, https://vitest.dev/guide/snapshot.html

exports[`should render a RadioGroup 1`] = `
<div
  data-testid="radio-group-comp-parent"
>
  <div
    class="field"
    data-testid="submit-formcomp"
  >
    <div
      class="control control"
    >
      <span />
      <div>
        <input
          class="is-checkradio"
          type="radio"
          value=""hmm""
        />
        <label>
          Hmm
        </label>
      </div>
      <div>
        <input
          class="is-checkradio"
          type="radio"
          value=""hmm2""
        />
        <label>
          Hmm2
        </label>
      </div>
    </div>
    <span
      class="help help"
      data-testid="help-formcomp"
    />
  </div>
  ,
</div>
`;
