// Vitest Snapshot v1, https://vitest.dev/guide/snapshot.html

exports[`should render a checkbox 1`] = `
<input
  class="is-checkradio is-normal"
  id="test-random"
  type="checkbox"
/>
`;
