// Vitest Snapshot v1, https://vitest.dev/guide/snapshot.html

exports[`should render a textarea component 1`] = `
<textarea
  class="textarea"
  data-testid="textarea-test"
/>
`;
