// Vitest Snapshot v1, https://vitest.dev/guide/snapshot.html

exports[`should render a form 1`] = `
<form
  data-testid="test-submit"
  novalidate=""
>
  <input
    class="input"
  />
</form>
`;
