// Vitest Snapshot v1, https://vitest.dev/guide/snapshot.html

exports[`should render a select field 1`] = `
<div>
  <div
    class="field"
    data-testid="submit-formcomp"
  >
    <div
      class="control control"
    >
      <div
        class="select is-fullwidth"
      >
        <select
          class="is-fullwidth"
        >
          <option
            class="is-hidden"
          />
        </select>
      </div>
    </div>
    <span
      class="help help"
      data-testid="help-formcomp"
    />
  </div>
</div>
`;
