// Vitest Snapshot v1, https://vitest.dev/guide/snapshot.html

exports[`should render a field with textarea 1`] = `
<div>
  <div
    class="field"
    data-testid="submit-formcomp"
  >
    <div
      class="control control"
    >
      <textarea
        class="textarea"
      />
    </div>
    <span
      class="help help"
      data-testid="help-formcomp"
    />
  </div>
</div>
`;
