// Vitest Snapshot v1, https://vitest.dev/guide/snapshot.html

exports[`should render an option 1`] = `
<option
  data-testid="option"
  value="test"
/>
`;
