// Vitest Snapshot v1, https://vitest.dev/guide/snapshot.html

exports[`should render a list with data from a data-loader 1`] = `
<div
  class="px-4"
  data-testid="test-list-with-data-loader"
>
  <ul
    class="py-4"
  >
    <li>
      <div
        class="is-flex is-align-items-center"
      >
        <div
          class=" listItem"
        >
          <div
            class="item has-text-left is-flex is-flex-direction-column my-1 py-2 pl-3 pr-2"
            id=".item.1"
          >
            <div
              class="headerWrapper is-flex"
              role="button"
              tabindex="-1"
            >
              <div
                class="is-flex image"
              >
                <div />
                <button
                  class="item has-text-left is-block"
                  type="button"
                >
                  <div
                    class="is-flex is-justify-content-space-between is-align-items-center"
                  >
                    <div>
                      <h4
                        class="title"
                      >
                        test
                      </h4>
                    </div>
                  </div>
                </button>
              </div>
            </div>
          </div>
        </div>
      </div>
    </li>
    <li>
      <div
        class="is-flex is-align-items-center"
      >
        <div
          class=" listItem"
        >
          <div
            class="item has-text-left is-flex is-flex-direction-column my-1 py-2 pl-3 pr-2"
            id=".item.2"
          >
            <div
              class="headerWrapper is-flex"
              role="button"
              tabindex="-1"
            >
              <div
                class="is-flex image"
              >
                <div />
                <button
                  class="item has-text-left is-block"
                  type="button"
                >
                  <div
                    class="is-flex is-justify-content-space-between is-align-items-center"
                  >
                    <div>
                      <h4
                        class="title"
                      >
                        test
                      </h4>
                    </div>
                  </div>
                </button>
              </div>
            </div>
          </div>
        </div>
      </div>
    </li>
  </ul>
</div>
`;
